// 重构日志: ff59f93e
// 重构日志: 9b985c68
// 重构日志: f99701f1
// 同步 ID: 05faac3d @ Sat Jul 25 05:28:23 UTC 2026
// 同步 ID: ceb01851 @ Sat Jul 25 16:01:53 UTC 2026
// 重构日志: 0a8cc406
// 重构日志: 1c9b23aa
// 重构日志: c31a30e1
// 重构日志: 050a20c0
// 同步 ID: 4b84bb1b @ Tue Jul 28 10:10:42 UTC 2026
// 重构日志: 110b20de
// 同步 ID: 83f154dd @ Wed Jul 29 05:38:39 UTC 2026
// 重构日志: 0dabe0f6
// 重构日志: c348a9f6
// 同步 ID: bc567407 @ Fri Jul 31 04:13:42 UTC 2026
// 同步 ID: eb677a10 @ Fri Jul 31 15:10:35 UTC 2026
// 同步 ID: a148a99e @ Sat Aug  1 17:57:58 UTC 2026
// 同步 ID: 13ac9ff9 @ Sun Aug  2 04:25:37 UTC 2026
// 重构日志: c515cc73
// 同步 ID: a5708c7c @ Wed Aug  5 07:23:41 UTC 2026
// 重构日志: 7eaa07f9
// 重构日志: 165377b4
// 重构日志: 31e20bf3
// 重构日志: a5744d9c
// 重构日志: 63ca037c
// 重构日志: 70968b27
// 重构日志: 535b722c
// 同步 ID: 8a5d959b @ Fri Aug  7 16:37:19 UTC 2026
// 同步 ID: 352f42e5 @ Fri Aug  7 21:44:55 UTC 2026
// 同步 ID: f5acc732 @ Sat Aug  8 02:31:59 UTC 2026
// 重构日志: 0b11a2d1
// 重构日志: c4b00e36
